cmake : CMake Error:
En línea: 1 Carácter: 56
+ ... 2" -A x64 ; cmake --build build_x64 --config Release -j 8 > build_err ...
+                 ~~~~~~~~~~~~~~~~~~~~~~~~~~~~~~~~~~~~~~~~~~~~~~~~~~~~~~~~~
    + CategoryInfo          : NotSpecified: (CMake Error::String) [], RemoteException
    + FullyQualifiedErrorId : NativeCommandError
 
  Generator

    Visual Studio 17 2022

  could not find any instance of Visual Studio.



